// Jest Snapshot v1, https://goo.gl/fbAQLP

exports[`Icon should render successfully 1`] = `
<div
  aria-hidden="true"
  className="relative flex items-center select-none pointer-events-none h-5 w-5"
>
  <svg
    className="feather feather-shopping-cart "
    fill="none"
    height={24}
    stroke="currentColor"
    strokeLinecap="round"
    strokeLinejoin="round"
    strokeWidth="2"
    viewBox="0 0 24 24"
    width={24}
  >
    <g
      dangerouslySetInnerHTML={
        Object {
          "__html": "<circle cx=\\"9\\" cy=\\"21\\" r=\\"1\\"></circle><circle cx=\\"20\\" cy=\\"21\\" r=\\"1\\"></circle><path d=\\"M1 1h4l2.68 13.39a2 2 0 0 0 2 1.61h9.72a2 2 0 0 0 2-1.61L23 6H6\\"></path>",
        }
      }
    />
  </svg>
</div>
`;
