// Jest Snapshot v1, https://goo.gl/fbAQLP

exports[`ItemCard should render successfully 1`] = `
<div
  className="relative flex flex-col list-none w-60"
  data-testid="item-card"
  onBlur={[Function]}
  onFocus={[Function]}
  onMouseLeave={[Function]}
  onMouseOver={[Function]}
>
  <a
    className="mb-1"
    href="/i/cat-cat"
    onClick={[Function]}
    onMouseEnter={[Function]}
    title="cat cat, smallDescription, price: 65"
  >
    <div
      className="relative w-full mb-2 object-cover bg-gray-100 h-72"
    >
      Next image stub
      <div
        aria-hidden="true"
        className="absolute left-0 top-0 h-full w-full transition-opacity opacity-0"
        data-testid="second-image"
      >
        Next image stub
      </div>
    </div>
    <div
      className="flex flex-col gap-1"
    >
      <span
        className="text-sm font-semibold uppercase sm:(text-base)"
      >
        cat cat
      </span>
      <span
        className="text-xs sm:(text-sm max-w-3/5)"
      >
        smallDescription
      </span>
      <span
        className="font-bold text-md sm:(text-xl)"
      >
        65.00$
      </span>
    </div>
  </a>
  <div
    className="flex gap-2 md:(absolute right-0 bottom-0) "
  >
    <div
      className="relative sm:(opacity-0)"
    >
      <button
        className="inline-block cursor-pointer transform-gpu transition-all active:scale-92 rounded-full p-3 text-white bg-sky-600 hover:(bg-sky-700) active:(bg-sky-800) flex items-center"
        onClick={[Function]}
        title="add to cart"
        type="button"
      >
        <div
          aria-hidden="true"
          className="relative flex items-center select-none pointer-events-none h-4 w-4  sm:(h-6 w-6)"
        >
          <svg
            className="feather feather-shopping-cart "
            fill="none"
            height={24}
            stroke="currentColor"
            strokeLinecap="round"
            strokeLinejoin="round"
            strokeWidth="2"
            viewBox="0 0 24 24"
            width={24}
          >
            <g
              dangerouslySetInnerHTML={
                Object {
                  "__html": "<circle cx=\\"9\\" cy=\\"21\\" r=\\"1\\"></circle><circle cx=\\"20\\" cy=\\"21\\" r=\\"1\\"></circle><path d=\\"M1 1h4l2.68 13.39a2 2 0 0 0 2 1.61h9.72a2 2 0 0 0 2-1.61L23 6H6\\"></path>",
                }
              }
            />
          </svg>
        </div>
      </button>
    </div>
    <button
      className="inline-block cursor-pointer transform-gpu transition-all active:scale-92 rounded-full p-3 hover:(bg-gray-100) active:(bg-gray-300) flex items-center sm:(opacity-0)"
      onClick={[Function]}
      title="add to favorite"
      type="button"
    >
      <div
        aria-hidden="true"
        className="relative flex items-center select-none pointer-events-none h-4 w-4  sm:(h-6 w-6)"
      >
        <svg
          className="feather feather-heart "
          fill="none"
          height={24}
          stroke="currentColor"
          strokeLinecap="round"
          strokeLinejoin="round"
          strokeWidth="2"
          viewBox="0 0 24 24"
          width={24}
        >
          <g
            dangerouslySetInnerHTML={
              Object {
                "__html": "<path d=\\"M20.84 4.61a5.5 5.5 0 0 0-7.78 0L12 5.67l-1.06-1.06a5.5 5.5 0 0 0-7.78 7.78l1.06 1.06L12 21.23l7.78-7.78 1.06-1.06a5.5 5.5 0 0 0 0-7.78z\\"></path>",
              }
            }
          />
        </svg>
      </div>
    </button>
  </div>
</div>
`;
